[backblue.gif]
[fade.gif]
[index.html]
[d33wubrfki0l68.cloudfront.net/a97d59d7fae92254033b8bbef752de1052de3841/4c38b/img/about.jpg]
[theone.netlify.com/img/portfolio/portfolio 1.jpg]
[theone.netlify.com/img/portfolio/portfolio 2.jpg]
[theone.netlify.com/img/portfolio/portfolio 3.jpg]
[theone.netlify.com/img/portfolio/portfolio 4.jpg]
[theone.netlify.com/img/portfolio/portfolio 5.jpg]
[theone.netlify.com/img/portfolio/portfolio 6.jpg]
[d33wubrfki0l68.cloudfront.net/a7634d73d91ad1dfff3b92301f377d6b34fa82cb/d6e79/img/teams/team1.jpg]
[theone.netlify.com/js/jquery-3.1.1.min.js]
[theone.netlify.com/js/bootstrap.min.js]
[theone.netlify.com/js/custom.js]
[theone.netlify.com/index.html]
[theone.netlify.com/fonts/glyphicons-halflings-regular.eot]
[theone.netlify.com/fonts/glyphicons-halflings-regulard41d.eot]
[theone.netlify.com/fonts/glyphicons-halflings-regular.woff2]
[theone.netlify.com/fonts/glyphicons-halflings-regular.woff]
[theone.netlify.com/fonts/glyphicons-halflings-regular.ttf]
[theone.netlify.com/css/bootstrap.min.css]
[theone.netlify.com/fonts/fontawesome-webfont3e6e.eot]
[theone.netlify.com/fonts/fontawesome-webfontd41d.eot]
[theone.netlify.com/fonts/fontawesome-webfont3e6e.woff2]
[theone.netlify.com/fonts/fontawesome-webfont3e6e.woff]
[theone.netlify.com/css/font-awesome.min.css]
[theone.netlify.com/css/style.css]
[theone.netlify.com/css/responsive.css]
[theone.netlify.com/fonts/glyphicons-halflings-regular.svg]
[theone.netlify.com/img/Preloader_3.gif]
[theone.netlify.com/img/bg_header.jpg]
[theone.netlify.com/fonts/fontawesome-webfont3e6e.ttf]
[theone.netlify.com/fonts/fontawesome-webfont3e6e.svg]
